Retrieving project…
Deploying yuvraj-singhs-projects-47908704/expresswritter
Inspect: https://vercel.com/yuvraj-singhs-projects-47908704/expresswritter/3RLQQZhnZx6nKhbuRr7JuowQAAMs [2s]
Production: https://expresswritter-886l1fm80-yuvraj-singhs-projects-47908704.vercel.app [2s]
https://expresswritter-886l1fm80-yuvraj-singhs-projects-47908704.vercel.appBuilding...
Building...
Building: Running build in Washington, D.C., USA (East) – iad1
Building: Build machine configuration: 2 cores, 8 GB
Building: Retrieving list of deployment files...
Building: Downloading 153 deployment files...
Building: Restored build cache from previous deployment (ANbJQh2ahXVW4oMoG2V5xYrNraND)
Building: Running "vercel build"
Building: Vercel CLI 53.2.0
Building: Warning: Detected "engines": { "node": ">=20.0.0" } in your `package.json` that will automatically upgrade when a new major Node.js Version is released. Learn More: https://vercel.link/node-version
Building: Running "install" command: `npm install --legacy-peer-deps`...
Building: up to date, audited 597 packages in 3s
Building: 168 packages are looking for funding
Building: run `npm fund` for details
Building: 2 moderate severity vulnerabilities
Building: To address all issues (including breaking changes), run:
Building: npm audit fix --force
Building: Run `npm audit` for details.
Building: Detected Next.js version: 16.2.3
Building: Running "npm run build"
Building: > frontend@0.1.0 build
Building: > next build
Building: Applying modifyConfig from Vercel
Building: ▲ Next.js 16.2.3 (Turbopack)
Building: Creating an optimized production build ...
Building: ✓ Compiled successfully in 17.7s
Building: Running TypeScript ...
Building: Finished TypeScript in 4.1s ...
Building: Collecting page data using 1 worker ...
Building: 💡 No REDIS_URL found. Initializing ioredis-mock.
Building: Generating static pages using 1 worker (0/65) ...
Building: Generating static pages using 1 worker (16/65)
Building: Generating static pages using 1 worker (32/65)
Building: Generating static pages using 1 worker (48/65)
Building: ✓ Generating static pages using 1 worker (65/65) in 609ms
Building: Finalizing page optimization ...
Building: Running onBuildComplete from Vercel
Building: Warning: Detected "engines": { "node": ">=20.0.0" } in your `package.json` that will automatically upgrade when a new major Node.js Version is released. Learn More: https://vercel.link/node-version
Building: Warning: Detected "engines": { "node": ">=20.0.0" } in your `package.json` that will automatically upgrade when a new major Node.js Version is released. Learn More: https://vercel.link/node-version
Building: Route (app)
Building: ┌ ○ /
Building: ├ ○ /_not-found
Building: ├ ○ /about
Building: ├ ○ /admin
Building: ├ ○ /admin/chat
Building: ├ ○ /admin/freelancers
Building: ├ ○ /admin/projects
Building: ├ ƒ /admin/projects/[id]
Building: ├ ƒ /api/admin/audit
Building: ├ ƒ /api/admin/config/currency
Building: ├ ƒ /api/admin/config/integrations
Building: ├ ƒ /api/admin/config/theme
Building: ├ ƒ /api/admin/config/workflow
Building: ├ ƒ /api/admin/freelancers
Building: ├ ƒ /api/admin/freelancers/[id]
Building: ├ ƒ /api/admin/invoices
Building: ├ ƒ /api/admin/payments
Building: ├ ƒ /api/admin/projects/[id]/assign
Building: ├ ƒ /api/admin/projects/[id]/collaborators
Building: ├ ƒ /api/admin/promos
Building: ├ ƒ /api/admin/refunds
Building: ├ ƒ /api/admin/seo
Building: ├ ƒ /api/admin/tickets
Building: ├ ƒ /api/admin/users
Building: ├ ƒ /api/auth-session
Building: ├ ƒ /api/auth/[...nextauth]
Building: ├ ƒ /api/auth/login
Building: ├ ƒ /api/auth/logout
Building: ├ ƒ /api/auth/register
Building: ├ ƒ /api/auth/verify
Building: ├ ƒ /api/chat
Building: ├ ƒ /api/freelancer/earnings
Building: ├ ƒ /api/freelancer/payout-request
Building: ├ ƒ /api/health
Building: ├ ƒ /api/messages
Building: ├ ƒ /api/notifications
Building: ├ ƒ /api/onboard/freelancer
Building: ├ ƒ /api/payments/razorpay
Building: ├ ƒ /api/payments/verify
Building: ├ ƒ /api/projects
Building: ├ ƒ /api/projects/[id]
Building: ├ ƒ /api/projects/available
Building: ├ ƒ /api/services
Building: ├ ƒ /api/services/[slug]
Building: ├ ƒ /api/signup
Building: ├ ƒ /api/tickets
Building: ├ ƒ /api/upload
Building: ├ ƒ /api/writers
Building: ├ ○ /blog
Building: ├ ○ /contact
Building: ├ ○ /dashboard
Building: ├ ○ /faq
Building: ├ ○ /freelancer
Building: ├ ○ /freelancer/chat
Building: ├ ○ /freelancer/earnings
Building: ├ ○ /freelancer/projects
Building: ├ ƒ /freelancer/projects/[id]
Building: ├ ○ /login
Building: ├ ○ /maintenance
Building: ├ ○ /onboard/freelancer
Building: ├ ○ /onboard/freelancer/setup
Building: ├ ○ /order/start
Building: ├ ○ /pricing
Building: ├ ○ /privacy
Building: ├ ○ /refund-policy
Building: ├ ○ /register
Building: ├ ƒ /services/[slug]
Building: ├ ○ /status
Building: ├ ○ /student
Building: ├ ○ /student/new-order
Building: ├ ○ /student/orders
Building: ├ ƒ /student/orders/[id]
Building: ├ ○ /subadmin
Building: ├ ○ /terms
Building: └ ƒ /writers/[slug]
Building: ƒ Proxy (Middleware)
Building: ○  (Static)   prerendered as static content
Building: ƒ  (Dynamic)  server-rendered on demand
Building: Build Completed in /vercel/output [29s]
Building: Deploying outputs...
[2K[1A[2K[GProduction: https://expresswritter-886l1fm80-yuvraj-singhs-projects-47908704.vercel.app [47s]
Completing...
Aliased: https://expresswritter.vercel.app [47s]

Common next commands:
- `vercel inspect expresswritter-886l1fm80-yuvraj-singhs-projects-47908704.vercel.app --logs`
- `vercel redeploy expresswritter-886l1fm80-yuvraj-singhs-projects-47908704.vercel.app`
> Tip: Run `npx plugins add vercel/vercel-plugin` to enhance your agent experience
